INFO: Running with entropic power schedule (0xFF, 100).
INFO: Seed: 4115374187
INFO: Loaded 1 modules   (22 inline 8-bit counters): 22 [0x562563c677c8, 0x562563c677de), 
INFO: Loaded 1 PC tables (22 PCs): 22 [0x562563c677e0,0x562563c67940), 
MERGE-OUTER: 1457 files, 0 in the initial corpus, 0 processed earlier
MERGE-OUTER: attempt 1
INFO: Running with entropic power schedule (0xFF, 100).
INFO: Seed: 4115387912
INFO: Loaded 1 modules   (22 inline 8-bit counters): 22 [0x565499de97c8, 0x565499de97de), 
INFO: Loaded 1 PC tables (22 PCs): 22 [0x565499de97e0,0x565499de9940), 
INFO: -max_len is not provided; libFuzzer will not generate inputs larger than 1048576 bytes
MERGE-INNER: using the control file '/tmp/libFuzzerTemp.Merge79.txt'
MERGE-INNER: 1457 total files; 0 processed earlier; will process 1457 files now
#1	pulse  cov: 3 ft: 3 exec/s: 0 rss: 28Mb
#2	pulse  cov: 3 ft: 3 exec/s: 0 rss: 28Mb
#4	pulse  cov: 3 ft: 3 exec/s: 0 rss: 28Mb
#8	pulse  cov: 3 ft: 3 exec/s: 0 rss: 28Mb
#16	pulse  cov: 3 ft: 3 exec/s: 0 rss: 28Mb
#32	pulse  cov: 3 ft: 3 exec/s: 0 rss: 28Mb
#64	pulse  cov: 5 ft: 6 exec/s: 0 rss: 28Mb
#128	pulse  cov: 16 ft: 20 exec/s: 0 rss: 28Mb
#256	pulse  cov: 18 ft: 22 exec/s: 0 rss: 28Mb
#512	pulse  cov: 18 ft: 24 exec/s: 0 rss: 28Mb
#1024	pulse  cov: 18 ft: 54 exec/s: 0 rss: 28Mb
#1457	DONE   cov: 18 ft: 74 exec/s: 0 rss: 31Mb
MERGE-OUTER: successful in 1 attempt(s)
MERGE-OUTER: the control file has 182137 bytes
MERGE-OUTER: consumed 0Mb (28Mb rss) to parse the control file
MERGE-OUTER: 24 new files with 74 new features added; 18 new coverage edges
